<html>
<body>
<pre>
<h1>µVision Build Log</h1>
<h2>Tool Versions:</h2>
IDE-Version: ¦ÌVision V5.36.0.0
Copyright (C) 2021 ARM Ltd and ARM Germany GmbH. All rights reserved.
License Information: 1 Jac Cyan, 1, LIC=JL28G-VDA71-563Q2-9LZ5N-IAFNK-UUDB0
 
Tool Versions:
Toolchain:       MDK-ARM Plus  Version: 5.36.0.0
Toolchain Path:  D:\IOTapps\Keil5\ARM\ARMCC\Bin
C Compiler:      Armcc.exe V5.06 update 7 (build 960)
Assembler:       Armasm.exe V5.06 update 7 (build 960)
Linker/Locator:  ArmLink.exe V5.06 update 7 (build 960)
Library Manager: ArmAr.exe V5.06 update 7 (build 960)
Hex Converter:   FromElf.exe V5.06 update 7 (build 960)
CPU DLL:         SARMCM3.DLL V5.36.0.0
Dialog DLL:      DCM.DLL V1.17.3.0
Target DLL:      UL2CM3.DLL V1.164.0.0
Dialog DLL:      TCM.DLL V1.53.0.0
 
<h2>Project:</h2>
E:\STM32PRJ\STM32Class\prj04\PRJ\ver01.uvprojx
Project File Date:  10/27/2021

<h2>Output:</h2>
*** Using Compiler 'V5.06 update 7 (build 960)', folder: 'D:\IOTapps\Keil5\ARM\ARMCC\Bin'
Rebuild target 'STM32prj'
compiling key.c...
..\User\vartypes.h(17): warning:  #1-D: last line of file ends without a newline
  #endif
..\Bsp\led.h(11): warning:  #1-D: last line of file ends without a newline
  #endif
..\Bsp\key.h(6): warning:  #1-D: last line of file ends without a newline
  #endif
..\Bsp\beep.h(7): warning:  #1-D: last line of file ends without a newline
  #endif
..\Bsp\key.c: 4 warnings, 0 errors
compiling exti.c...
..\User\vartypes.h(17): warning:  #1-D: last line of file ends without a newline
  #endif
..\Bsp\led.h(11): warning:  #1-D: last line of file ends without a newline
  #endif
..\Bsp\key.h(6): warning:  #1-D: last line of file ends without a newline
  #endif
..\Bsp\beep.h(7): warning:  #1-D: last line of file ends without a newline
  #endif
..\Bsp\exti.c: 4 warnings, 0 errors
compiling bsp.c...
..\User\vartypes.h(17): warning:  #1-D: last line of file ends without a newline
  #endif
..\Bsp\led.h(11): warning:  #1-D: last line of file ends without a newline
  #endif
..\Bsp\key.h(6): warning:  #1-D: last line of file ends without a newline
  #endif
..\Bsp\beep.h(7): warning:  #1-D: last line of file ends without a newline
  #endif
..\Bsp\bsp.c(9): warning:  #1-D: last line of file ends without a newline
  }
..\Bsp\bsp.c: 5 warnings, 0 errors
compiling main.c...
..\User\vartypes.h(17): warning:  #1-D: last line of file ends without a newline
  #endif
..\Bsp\led.h(11): warning:  #1-D: last line of file ends without a newline
  #endif
..\Bsp\key.h(6): warning:  #1-D: last line of file ends without a newline
  #endif
..\Bsp\beep.h(7): warning:  #1-D: last line of file ends without a newline
  #endif
..\User\main.c: 4 warnings, 0 errors
compiling led.c...
..\User\vartypes.h(17): warning:  #1-D: last line of file ends without a newline
  #endif
..\Bsp\led.h(11): warning:  #1-D: last line of file ends without a newline
  #endif
..\Bsp\key.h(6): warning:  #1-D: last line of file ends without a newline
  #endif
..\Bsp\beep.h(7): warning:  #1-D: last line of file ends without a newline
  #endif
..\Bsp\led.c: 4 warnings, 0 errors
compiling beep.c...
..\User\vartypes.h(17): warning:  #1-D: last line of file ends without a newline
  #endif
..\Bsp\led.h(11): warning:  #1-D: last line of file ends without a newline
  #endif
..\Bsp\key.h(6): warning:  #1-D: last line of file ends without a newline
  #endif
..\Bsp\beep.h(7): warning:  #1-D: last line of file ends without a newline
  #endif
..\Bsp\beep.c: 4 warnings, 0 errors
compiling stm32f10x_gpio.c...
assembling startup_stm32f10x_hd.s...
compiling stm32f10x_rcc.c...
compiling stm32f10x_exti.c...
compiling GPIO_STM32F10x.c...
compiling system_stm32f10x.c...
linking...
Program Size: Code=1856 RO-data=320 RW-data=0 ZI-data=1632  
FromELF: creating hex file...
".\Objects\ver01.axf" - 0 Error(s), 25 Warning(s).

<h2>Software Packages used:</h2>

Package Vendor: ARM
                http://www.keil.com/pack/ARM.CMSIS.5.8.0.pack
                ARM.CMSIS.5.8.0
                CMSIS (Common Microcontroller Software Interface Standard)
   * Component: CORE Version: 5.5.0

Package Vendor: Keil
                http://www.keil.com/pack/Keil.STM32F1xx_DFP.2.2.0.pack
                Keil.STM32F1xx_DFP.2.2.0
                STMicroelectronics STM32F1 Series Device Support, Drivers and Examples
   * Component: GPIO Version: 1.3
   * Component: Startup Version: 1.0.0

<h2>Collection of Component include folders:</h2>
  .\RTE\Device\STM32F103ZE
  .\RTE\_STM32prj
  D:\IOTapps\Keil5\packs\ARM\CMSIS\5.8.0\CMSIS\Core\Include
  D:\IOTapps\Keil5\packs\Keil\STM32F1xx_DFP\2.2.0\Device\Include
  D:\IOTapps\Keil5\packs\Keil\STM32F1xx_DFP\2.2.0\RTE_Driver

<h2>Collection of Component Files used:</h2>

   * Component: ARM::CMSIS:CORE:5.5.0

   * Component: Keil::Device:GPIO:1.3
      Include file:  RTE_Driver\GPIO_STM32F10x.h
      Source file:   RTE_Driver\GPIO_STM32F10x.c

   * Component: Keil::Device:Startup:1.0.0
      Source file:   Device\Source\ARM\startup_stm32f10x_hd.s
      Include file:  RTE_Driver\Config\RTE_Device.h
      Source file:   Device\Source\system_stm32f10x.c
      Source file:   Device\Source\ARM\STM32F1xx_OPT.s
Build Time Elapsed:  00:00:13
</pre>
</body>
</html>
